// Jest Snapshot v1, https://goo.gl/fbAQLP

exports[`renders App snapshot 1`] = `
<DocumentFragment>
  <div
    class="App"
  >
    <header
      class="App-header"
    >
      <h3>
        INPUT NAME TO PREDICT NATIONALITY
      </h3>
      <div>
        <input
          value=""
        />
        <br />
        <button>
          SUBMIT
        </button>
        <div />
      </div>
      <p>
        learn react
      </p>
    </header>
  </div>
</DocumentFragment>
`;
